// Jest Snapshot v1, https://goo.gl/fbAQLP

exports[`should render LoginPage correctly 1`] = `
<div
  className="box-layout"
>
  <div
    className="box-layout__box"
  >
    <h1
      className="box-layout__title"
    >
      Signup for Expensify!
    </h1>
    <p>
      Enter your email address and pick a strong password
    </p>
    <div>
      <hr />
      <form
        className="form"
        onSubmit={[Function]}
      >
        <input
          autoFocus={true}
          className="text-input input--grey-focus"
          onChange={[Function]}
          placeholder="Email address"
          type="text"
          value=""
        />
        <input
          className="text-input input--grey-focus text-input--no-bottom-margin"
          onChange={[Function]}
          placeholder="Password"
          type="password"
          value=""
        />
        <progress
          className="form__progress-bar form__progress-bar--red"
          max="5"
          value={0}
        />
        <input
          className="text-input input--grey-focus"
          onChange={[Function]}
          placeholder="Confirm password"
          type="password"
          value=""
        />
        <div>
          <button
            className="button input--grey-focus"
          >
            Sign Up
          </button>
        </div>
      </form>
      <p>
        Already have an Account? 
        <Link
          className="input--grey-focus"
          to="/"
        >
          Log in!
        </Link>
      </p>
    </div>
  </div>
</div>
`;
